{
  "as_of": "2026-06-11",
  "rows_upserted": 12,
  "total_emission_rows": 12803,
  "min_date": "2010-01-01",
  "max_date": "2026-07-03"
}
{
  "as_of": "2026-06-12",
  "rows_upserted": 12,
  "total_emission_rows": 12803,
  "min_date": "2010-01-01",
  "max_date": "2026-07-03"
}
{
  "as_of": "2026-06-15",
  "rows_upserted": 0,
  "total_emission_rows": 12803,
  "min_date": "2010-01-01",
  "max_date": "2026-07-03"
}
{
  "as_of": "2026-06-16",
  "rows_upserted": 12,
  "total_emission_rows": 12815,
  "min_date": "2010-01-01",
  "max_date": "2026-07-03"
}
{
  "as_of": "2026-06-17",
  "rows_upserted": 12,
  "total_emission_rows": 12827,
  "min_date": "2010-01-01",
  "max_date": "2026-07-03"
}
{
  "as_of": "2026-06-18",
  "rows_upserted": 12,
  "total_emission_rows": 12839,
  "min_date": "2010-01-01",
  "max_date": "2026-07-03"
}
{
  "as_of": "2026-06-19",
  "rows_upserted": 12,
  "total_emission_rows": 12839,
  "min_date": "2010-01-01",
  "max_date": "2026-07-03"
}
{
  "as_of": "2026-06-22",
  "rows_upserted": 12,
  "total_emission_rows": 12851,
  "min_date": "2010-01-01",
  "max_date": "2026-07-03"
}
