/home/ubuntu/uiv2/git/MindWealth_UI/src/macro_intelligence/data/cftc_pull.py:242: UserWarning: Could not infer format, so each element will be parsed individually, falling back to `dateutil`. To ensure parsing is consistent and as-expected, please specify a format.
  sub[date_col] = pd.to_datetime(sub[date_col], errors="coerce")
/home/ubuntu/uiv2/git/MindWealth_UI/src/macro_intelligence/data/cftc_pull.py:242: UserWarning: Could not infer format, so each element will be parsed individually, falling back to `dateutil`. To ensure parsing is consistent and as-expected, please specify a format.
  sub[date_col] = pd.to_datetime(sub[date_col], errors="coerce")
/home/ubuntu/uiv2/git/MindWealth_UI/src/macro_intelligence/data/cftc_pull.py:242: UserWarning: Could not infer format, so each element will be parsed individually, falling back to `dateutil`. To ensure parsing is consistent and as-expected, please specify a format.
  sub[date_col] = pd.to_datetime(sub[date_col], errors="coerce")
forward_returns: 28 combo fires to fill
forward_returns: 28 combo fires to fill
{
  "date": "2026-06-12",
  "readings_count": 12,
  "persistence_count": 0,
  "combo_fires": 28,
  "returns_updated": 56,
  "combo_c_cancel": {
    "wti_potential_week": 4,
    "cancelled": true,
    "active": false,
    "cancel_date": "2026-07-03"
  }
}
/home/ubuntu/uiv2/git/MindWealth_UI/src/macro_intelligence/data/cftc_pull.py:261: UserWarning: Could not infer format, so each element will be parsed individually, falling back to `dateutil`. To ensure parsing is consistent and as-expected, please specify a format.
  sub[date_col] = pd.to_datetime(sub[date_col], errors="coerce")
/home/ubuntu/uiv2/git/MindWealth_UI/src/macro_intelligence/data/cftc_pull.py:261: UserWarning: Could not infer format, so each element will be parsed individually, falling back to `dateutil`. To ensure parsing is consistent and as-expected, please specify a format.
  sub[date_col] = pd.to_datetime(sub[date_col], errors="coerce")
CFTC freshness: CFTC source 2026-06-09 older than expected 2026-06-16 (report lag 10d, expected max 3d) (ZIP refresh did not reach expected Tuesday)
/home/ubuntu/uiv2/git/MindWealth_UI/src/macro_intelligence/data/cftc_pull.py:261: UserWarning: Could not infer format, so each element will be parsed individually, falling back to `dateutil`. To ensure parsing is consistent and as-expected, please specify a format.
  sub[date_col] = pd.to_datetime(sub[date_col], errors="coerce")
/home/ubuntu/uiv2/git/MindWealth_UI/src/macro_intelligence/data/cftc_pull.py:261: UserWarning: Could not infer format, so each element will be parsed individually, falling back to `dateutil`. To ensure parsing is consistent and as-expected, please specify a format.
  sub[date_col] = pd.to_datetime(sub[date_col], errors="coerce")
/home/ubuntu/uiv2/git/MindWealth_UI/src/macro_intelligence/data/cftc_pull.py:261: UserWarning: Could not infer format, so each element will be parsed individually, falling back to `dateutil`. To ensure parsing is consistent and as-expected, please specify a format.
  sub[date_col] = pd.to_datetime(sub[date_col], errors="coerce")
forward_returns: 61 combo fires to fill
forward_returns: 61 combo fires to fill
{
  "date": "2026-06-19",
  "readings_count": 12,
  "persistence_count": 0,
  "combo_fires": 29,
  "returns_updated": 122,
  "combo_c_cancel": {
    "wti_potential_week": 4,
    "cancelled": true,
    "active": false,
    "cancel_date": "2026-07-03"
  }
}
